11
14
2
